Diagnose log at 2026-08-24T14:02:42Z

AppPath: C:\Program Files\Git\mingw64\bin\git-credential-manager.exe
InstallDir: C:\Program Files\Git\mingw64\bin\
Version: 2.6.1+786ab03440ddc82e807a97c0e540f5247e44cec6

------------
Diagnostic: Environment
Skipped: False
Success: True
Exception: None
Log:
OSType: Windows
OSVersion: 10.0 (build 26200)
Reading environment variables... OK
 Variables:
EFC_9752_3789132940=1
DriverData=C:\Windows\System32\Drivers\DriverData
COMPUTERNAME=PCX016
MSYSTEM=MINGW64
CommonProgramFiles(x86)=C:\Program Files (x86)\Common Files
PROCESSOR_LEVEL=25
OneDrive=C:\Users\cpaez\Ministerio de Capital Humano
HOMEPATH=\Users\cpaez
ProgramFiles(x86)=C:\Program Files (x86)
CONFIG_SITE=C:/Program Files/Git/etc/config.site
LC_CTYPE=es_ES.UTF-8
PROCESSOR_IDENTIFIER=AMD64 Family 25 Model 80 Stepping 0, AuthenticAMD
PATHEXT=.COM;.EXE;.BAT;.CMD;.VBS;.VBE;.JS;.JSE;.WSF;.WSH;.MSC
RTOOLS45_HOME=C:\rtools45
MSYSTEM_PREFIX=C:/Program Files/Git/mingw64
USERNAME=cpaez
MINGW_PREFIX=C:/Program Files/Git/mingw64
no_proxy=localhost,127.0.0.1,repositorio.cncps.gob.ar,postgresdb.siempro.gob.ar
GIT_EXEC_PATH=C:/Program Files/Git/mingw64/libexec/git-core
ACLOCAL_PATH=C:\Program Files\Git\mingw64\share\aclocal;C:\Program Files\Git\usr\share\aclocal
EFC_9752_2946480783=1
EFC_9752_1592913036=1
MANPATH=C:\Program Files\Git\mingw64\local\man;C:\Program Files\Git\mingw64\share\man;C:\Program Files\Git\usr\local\man;C:\Program Files\Git\usr\share\man;C:\Program Files\Git\usr\man;C:\Program Files\Git\share\man
EFC_9752_2775293581=1
SESSIONNAME=Console
EFC_9752_2283032206=1
MSYSTEM_CARCH=x86_64
PROGRAMFILES=C:\Program Files (x86)
ProgramData=C:\ProgramData
USERDNSDOMAIN=CNCPS.NET
TERM_PROGRAM_VERSION=3.7.7
ORIGINAL_TMP=C:/Users/cpaez/AppData/Local/Temp
PROCESSOR_REVISION=5000
SYSTEMROOT=C:\WINDOWS
TERM_PROGRAM=mintty
ORIGINAL_PATH=C:\Program Files\Git\mingw64\bin;C:\Program Files\Git\usr\bin;C:\Users\cpaez\bin;C:\WINDOWS\system32;C:\WINDOWS;C:\WINDOWS\System32\Wbem;C:\WINDOWS\System32\WindowsPowerShell\v1.0;C:\WINDOWS\System32\OpenSSH;C:\Program Files\Git\cmd;C:\Program Files\nodejs;C:\php;C:\ProgramData\ComposerSetup\bin;C:\Users\cpaez\AppData\Local\Microsoft\WindowsApps;C:\Users\cpaez\AppData\Local\Programs\Python\Python313\Scripts;C:\Users\cpaez\AppData\Local\Programs\Python\Python313;C:\Users\cpaez\AppData\Local\Microsoft\WindowsApps;C:\Users\cpaez\AppData\Local\Programs\Microsoft VS Code\bin;C:\Users\cpaez\php;C:\Users\cpaez\AppData\Local\ComposerSetup\bin;C:\Users\cpaez\AppData\Roaming\Composer\vendor\bin;C:\Users\cpaez\AppData\Roaming\npm
NUMBER_OF_PROCESSORS=16
SSH_ASKPASS=C:/Program Files/Git/mingw64/bin/git-askpass.exe
SHLVL=1
APPDATA=C:\Users\cpaez\AppData\Roaming
SYSTEMDRIVE=C:
php=C:\php
PSModulePath=C:\Program Files\WindowsPowerShell\Modules;C:\WINDOWS\system32\WindowsPowerShell\v1.0\Modules
OLDPWD=C:/Users/cpaez/devstack/www/xtnpaez
HTTP_PROXY=http://eproxy.cncps.gob.ar:8080
FPS_BROWSER_USER_PROFILE_STRING=Default
PKG_CONFIG_PATH=C:\Program Files\Git\mingw64\lib\pkgconfig;C:\Program Files\Git\mingw64\share\pkgconfig
USERDOMAIN_ROAMINGPROFILE=CNCPS
MSYSTEM_CHOST=x86_64-w64-mingw32
ORIGINAL_TEMP=C:/Users/cpaez/AppData/Local/Temp
TERM=xterm
PLINK_PROTOCOL=ssh
INFOPATH=C:\Program Files\Git\mingw64\local\info;C:\Program Files\Git\mingw64\share\info;C:\Program Files\Git\usr\local\info;C:\Program Files\Git\usr\share\info;C:\Program Files\Git\usr\info;C:\Program Files\Git\share\info
ProgramW6432=C:\Program Files
PATH=C:/Program Files/Git/mingw64/libexec/git-core;C:\Users\cpaez\bin;C:\Program Files\Git\mingw64\bin;C:\Program Files\Git\usr\local\bin;C:\Program Files\Git\usr\bin;C:\Program Files\Git\usr\bin;C:\Program Files\Git\mingw64\bin;C:\Program Files\Git\usr\bin;C:\Users\cpaez\bin;C:\WINDOWS\system32;C:\WINDOWS;C:\WINDOWS\System32\Wbem;C:\WINDOWS\System32\WindowsPowerShell\v1.0;C:\WINDOWS\System32\OpenSSH;C:\Program Files\Git\cmd;C:\Program Files\nodejs;C:\php;C:\ProgramData\ComposerSetup\bin;C:\Users\cpaez\AppData\Local\Microsoft\WindowsApps;C:\Users\cpaez\AppData\Local\Programs\Python\Python313\Scripts;C:\Users\cpaez\AppData\Local\Programs\Python\Python313;C:\Users\cpaez\AppData\Local\Microsoft\WindowsApps;C:\Users\cpaez\AppData\Local\Programs\Microsoft VS Code\bin;C:\Users\cpaez\php;C:\Users\cpaez\AppData\Local\ComposerSetup\bin;C:\Users\cpaez\AppData\Roaming\Composer\vendor\bin;C:\Users\cpaez\AppData\Roaming\npm;C:\Program Files\Git\usr\bin\vendor_perl;C:\Program Files\Git\usr\bin\core_perl
MINGW_CHOST=x86_64-w64-mingw32
GIT_TRACE2_PARENT_SID=2e09e5aa-b07f-4a5f-95df-0b3249bbe3c5
USERDOMAIN=CNCPS
PKG_CONFIG_SYSTEM_LIBRARY_PATH=C:/Program Files/Git/mingw64/lib
HTTPS_PROXY=http://eproxy.cncps.gob.ar:8080
TMPDIR=C:\Users\cpaez\AppData\Local\Temp
TMP=C:\Users\cpaez\AppData\Local\Temp
PUBLIC=C:\Users\Public
SHELL=C:\Program Files\Git\usr\bin\bash.exe
HOME=C:\Users\cpaez
LOCALAPPDATA=C:\Users\cpaez\AppData\Local
COMSPEC=C:\WINDOWS\system32\cmd.exe
LOGONSERVER=\\AD02
USERPROFILE=C:\Users\cpaez
DISPLAY=needs-to-be-defined
COMMONPROGRAMFILES=C:\Program Files (x86)\Common Files
WINDIR=C:\WINDOWS
NO_PROXY=localhost,127.0.0.1,repositorio.cncps.gob.ar,postgresdb.siempro.gob.ar
CommonProgramW6432=C:\Program Files\Common Files
HOMEDRIVE=C:
EFC_9752_1262719628=1
OneDriveCommercial=C:\Users\cpaez\Ministerio de Capital Humano
MINGW_PACKAGE_PREFIX=mingw-w64-x86_64
EFC_9752_4126798990=1
PWD=C:/Users/cpaez/devstack/www/xtnpaez/uktester
EXEPATH=C:\Program Files\Git
HOSTNAME=PCx016
PROCESSOR_ARCHITEW6432=AMD64
FPS_BROWSER_APP_PROFILE_STRING=Internet Explorer
PROCESSOR_ARCHITECTURE=x86
PS1=\[\033]0;$TITLEPREFIX:$PWD\007\]\n\[\033[32m\]\u@\h \[\033[35m\]$MSYSTEM \[\033[33m\]\w\[\033[36m\]`__git_ps1`\[\033[0m\]\n$ 
OS=Windows_NT
TEMP=C:\Users\cpaez\AppData\Local\Temp
PKG_CONFIG_SYSTEM_INCLUDE_PATH=C:/Program Files/Git/mingw64/include
_=C:/Program Files/Git/mingw64/bin/git
ALLUSERSPROFILE=C:\ProgramData


------------
Diagnostic: File system
Skipped: False
Success: True
Exception: None
Log:
Temporary directory is 'C:\Users\cpaez\AppData\Local\Temp\'...
Checking basic file I/O...
Writing to temporary file 'C:\Users\cpaez\AppData\Local\Temp\108f4b20af710bad54633370'... OK
Reading from temporary file 'C:\Users\cpaez\AppData\Local\Temp\108f4b20af710bad54633370'... OK
Deleting temporary file 'C:\Users\cpaez\AppData\Local\Temp\108f4b20af710bad54633370'... OK
Testing IFileSystem instance...
UserHomePath: C:\Users\cpaez
UserDataDirectoryPath: C:\Users\cpaez\.gcm
GetCurrentDirectory(): C:\Users\cpaez\devstack\www\xtnpaez\uktester

------------
Diagnostic: Networking
Skipped: False
Success: True
Exception: None
Log:
Checking networking and HTTP stack...
Creating HTTP client... OK
IsNetworkAvailable: True
Sending HEAD request to http://example.com...Sending HEAD request to https://example.com... OK
 OK
Acquiring free TCP port... OK
Testing local HTTP loopback connections...
Creating new HTTP listener for http://localhost:62835/... OK
Waiting for loopback connection... OK
Writing response... OK
Waiting for response data... OK
Loopback connection data OK

------------
Diagnostic: Git
Skipped: False
Success: True
Exception: None
Log:
Getting Git version... OK
Git version is '2.49.0.windows.1'
Locating current repository...Git repository at 'C:/Users/cpaez/devstack/www/XtnPaez/UKTester/.git'
 OK
Listing all Git configuration... OK
Git configuration:
file:C:/Program Files/Git/etc/gitconfig	diff.astextplain.textconv=astextplain
file:C:/Program Files/Git/etc/gitconfig	filter.lfs.clean=git-lfs clean -- %f
file:C:/Program Files/Git/etc/gitconfig	filter.lfs.smudge=git-lfs smudge -- %f
file:C:/Program Files/Git/etc/gitconfig	filter.lfs.process=git-lfs filter-process
file:C:/Program Files/Git/etc/gitconfig	filter.lfs.required=true
file:C:/Program Files/Git/etc/gitconfig	http.sslbackend=schannel
file:C:/Program Files/Git/etc/gitconfig	core.autocrlf=true
file:C:/Program Files/Git/etc/gitconfig	core.fscache=true
file:C:/Program Files/Git/etc/gitconfig	core.symlinks=false
file:C:/Program Files/Git/etc/gitconfig	pull.rebase=false
file:C:/Program Files/Git/etc/gitconfig	credential.helper=manager
file:C:/Program Files/Git/etc/gitconfig	credential.https://dev.azure.com.usehttppath=true
file:C:/Program Files/Git/etc/gitconfig	init.defaultbranch=master
file:C:/Users/cpaez/.gitconfig	user.name=XtnPaez
file:C:/Users/cpaez/.gitconfig	user.mail=paez.cristian@gmail.com
file:C:/Users/cpaez/.gitconfig	user.email=paez.cristian@gmail.com
file:C:/Users/cpaez/.gitconfig	http.sslverify=true
file:C:/Users/cpaez/.gitconfig	http.extraheader=Authorization: 
file:C:/Users/cpaez/.gitconfig	http.postbuffer=524288000
file:C:/Users/cpaez/.gitconfig	http.version=HTTP/1.1
file:C:/Users/cpaez/.gitconfig	credential.https://asimov.cncps.gob.ar.provider=generic
file:C:/Users/cpaez/.gitconfig	core.autocrlf=false
file:C:/Users/cpaez/.gitconfig	core.quotepath=off
file:C:/Users/cpaez/.gitconfig	i18n.commitenconding=utf-8
file:C:/Users/cpaez/.gitconfig	i18n.logoutputenconding=utf-8
file:C:/Users/cpaez/.gitconfig	credential.http://repositorio.cncps.gob.ar.provider=generic
file:.git/config	core.repositoryformatversion=0
file:.git/config	core.filemode=false
file:.git/config	core.bare=false
file:.git/config	core.logallrefupdates=true
file:.git/config	core.symlinks=false
file:.git/config	core.ignorecase=true
file:.git/config	remote.origin.url=https://github.com/XtnPaez/UKTester.git
file:.git/config	remote.origin.fetch=+refs/heads/*:refs/remotes/origin/*
file:.git/config	branch.main.remote=origin
file:.git/config	branch.main.merge=refs/heads/main


------------
Diagnostic: Credential storage
Skipped: False
Success: True
Exception: None
Log:
ICredentialStore instance is of type: CredentialStore
Writing test credential... OK
Reading test credential... OK
Deleting test credential... OK

------------
Diagnostic: Microsoft authentication (AAD/MSA)
Skipped: False
Success: True
Exception: None
Log:
Broker is not enabled.
Flow type is: Auto
Gathering MSAL token cache data... OK
CacheDirectory: C:\Users\cpaez\AppData\Local\.IdentityService
CacheFileName: msal.cache
CacheFilePath: C:\Users\cpaez\AppData\Local\.IdentityService\msal.cache
Creating cache helper... OK
Verifying MSAL token cache persistence... OK

------------
Diagnostic: GitHub API
Skipped: False
Success: True
Exception: None
Log:
Using 'https://github.com/' as API target.
Querying '/meta' endpoint... OK

